main.c:67:6:Print_Timestamps	8	static
main.c:71:6:Toggle_LedRed	8	static
main.c:76:6:Toggle_LedGreen	8	static
main.c:80:6:Toggle_LedYellow	8	static
main.c:84:6:Toggle_LedBlue	8	static
main.c:88:6:Toggle_LedPink	8	static
main.c:99:5:main	8	static
main.c:153:6:SystemClock_Config	72	static
main.c:189:13:MX_TIM2_Init	32	static
main.c:234:13:MX_USART2_UART_Init	8	static
main.c:267:13:MX_GPIO_Init	32	static
main.c:290:6:HAL_TIM_PeriodElapsedCallback	16	static
main.c:300:6:Error_Handler	4	static,ignoring_inline_asm
